    Checking smallvec v1.15.1
    Checking getrandom v0.3.4
    Checking serde v1.0.228
    Checking zerofrom v0.1.6
    Checking crypto-common v0.1.7
    Checking strum v0.28.0
    Checking thiserror v1.0.69
    Checking form_urlencoded v1.2.2
    Checking curve25519-dalek v4.1.3
    Checking digest v0.10.7
    Checking parking_lot_core v0.9.12
    Checking yoke v0.8.1
    Checking ahash v0.8.12
    Checking fluent-uri v0.4.1
    Checking email_address v0.2.9
    Checking serde_jcs v0.2.0
    Checking rekey-domain v2.0.0-alpha.2 (/Users/lifcc/Desktop/code/AI/tools/rekey/crates/rekey-domain)
    Checking sha2 v0.10.9
    Checking zerovec v0.11.5
    Checking zerotrie v0.2.3
    Checking parking_lot v0.12.5
    Checking jsonschema-value v0.52.0
    Checking referencing v0.52.0
    Checking tinystr v0.8.2
    Checking potential_utf v0.1.4
    Checking icu_collections v2.1.1
    Checking jsonschema v0.52.0
    Checking icu_locale_core v2.1.1
    Checking icu_provider v2.1.1
    Checking icu_normalizer v2.1.1
    Checking icu_properties v2.1.2
    Checking idna_adapter v1.2.1
    Checking idna v1.1.0
    Checking url v2.5.8
    Checking rekey-policy v2.0.0-alpha.2 (/Users/lifcc/Desktop/code/AI/tools/rekey/crates/rekey-policy)
error: manual implementation of `.is_multiple_of()`
   --> crates/rekey-policy/src/bin/rekey-approval-sign.rs:103:76
    |
103 |     if args.len() < 2 || !matches!(args[0].as_str(), "review" | "sign") || args.len() % 2 != 0 {
    |                                                                            ^^^^^^^^^^^^^^^^^^^ help: replace with: `!args.len().is_multiple_of(2)`
    |
    = help: for further information visit https://rust-lang.github.io/rust-clippy/rust-1.95.0/index.html#manual_is_multiple_of
    = note: `-D clippy::manual-is-multiple-of` implied by `-D warnings`
    = help: to override `-D warnings` add `#[allow(clippy::manual_is_multiple_of)]`

error: could not compile `rekey-policy` (bin "rekey-approval-sign") due to 1 previous error
warning: build failed, waiting for other jobs to finish...
error: could not compile `rekey-policy` (bin "rekey-approval-sign" test) due to 1 previous error
