2026-09-10T07:04:27Z ERR Configuration file /tmp/rkv-public-8xbvhjj3/empty.yaml was empty
2026-09-10T07:04:27Z INF Thank you for trying Cloudflare Tunnel. Doing so, without a Cloudflare account, is a quick way to experiment and try it out. However, be aware that these account-less Tunnels have no uptime guarantee, are subject to the Cloudflare Online Services Terms of Use (https://www.cloudflare.com/website-terms/), and Cloudflare reserves the right to investigate your use of Tunnels for violations of such terms. If you intend to use Tunnels in production you should use a pre-created named tunnel by following: https://developers.cloudflare.com/cloudflare-one/connections/connect-apps
2026-09-10T07:04:27Z INF Requesting new quick Tunnel on trycloudflare.com...
2026-09-10T07:04:31Z INF +--------------------------------------------------------------------------------------------+
2026-09-10T07:04:31Z INF |  Your quick Tunnel has been created! Visit it at (it may take some time to be reachable):  |
2026-09-10T07:04:31Z INF |  https://del-entrance-read-technique.trycloudflare.com                                     |
2026-09-10T07:04:31Z INF +--------------------------------------------------------------------------------------------+
2026-09-10T07:04:31Z INF Cannot determine default configuration path. No file [config.yml config.yaml] in [~/.cloudflared ~/.cloudflare-warp ~/cloudflare-warp /etc/cloudflared /usr/local/etc/cloudflared]
2026-09-10T07:04:31Z INF Version 2026.7.1 (Checksum 79a0ade7fc854f62c1aaef48424d9d979e8c2fcd039189d24db82b84cd146be1)
2026-09-10T07:04:31Z INF GOOS: linux, GOVersion: go1.26.4, GoArch: amd64
2026-09-10T07:04:31Z INF Settings: map[config:/tmp/rkv-public-8xbvhjj3/empty.yaml edge-ip-version:4 ha-connections:1 no-autoupdate:true p:http2 protocol:http2 url:http://127.0.0.1:5581]
2026-09-10T07:04:31Z INF Generated Connector ID: 953693fd-b829-4c90-895f-73f0332c8c69
2026-09-10T07:04:31Z INF Initial protocol http2
2026-09-10T07:04:31Z INF ICMP proxy will use 10.1.0.52 as source for IPv4
2026-09-10T07:04:31Z INF ICMP proxy will use fe80::7eed:8dff:fe7f:9252 in zone eth0 as source for IPv6
2026-09-10T07:04:31Z WRN The user running cloudflared process has a GID (group ID) that is not within ping_group_range. You might need to add that user to a group within that range, or instead update the range to encompass a group the user is already in by modifying /proc/sys/net/ipv4/ping_group_range. Otherwise cloudflared will not be able to ping this network error="Group ID 1001 is not between ping group 1 to 0"
2026-09-10T07:04:31Z WRN ICMP proxy feature is disabled error="cannot create ICMPv4 proxy: Group ID 1001 is not between ping group 1 to 0 nor ICMPv6 proxy: socket: permission denied"
2026/09/10 07:04:31 failed to sufficiently increase receive buffer size (was: 1024 kiB, wanted: 7168 kiB, got: 2048 kiB). See https://github.com/quic-go/quic-go/wiki/UDP-Buffer-Sizes for details.
2026-09-10T07:04:31Z INF ICMP proxy will use 10.1.0.52 as source for IPv4
2026-09-10T07:04:31Z INF ICMP proxy will use fe80::7eed:8dff:fe7f:9252 in zone eth0 as source for IPv6
2026-09-10T07:04:31Z INF Starting metrics server on 127.0.0.1:20241/metrics
2026-09-10T07:04:31Z INF Tunnel connection curve preferences: [X25519MLKEM768 CurveID(65074) CurveP256] connIndex=0 event=0 ip=198.41.200.53
2026-09-10T07:04:31Z INF +--------------------------------------------------------------------------------------+
2026-09-10T07:04:31Z INF |                               CONNECTIVITY PRE-CHECKS                                |
2026-09-10T07:04:31Z INF +--------------------------------------------------------------------------------------+
2026-09-10T07:04:31Z INF |  COMPONENT         TARGET                     STATUS  DETAILS                        |
2026-09-10T07:04:31Z INF |  DNS Resolution    region1.v2.argotunnel.com  PASS    DNS Resolved successfully      |
2026-09-10T07:04:31Z INF |  DNS Resolution    region2.v2.argotunnel.com  PASS    DNS Resolved successfully      |
2026-09-10T07:04:31Z INF |  UDP Connectivity  region1.v2.argotunnel.com  PASS    QUIC connection successful     |
2026-09-10T07:04:31Z INF |  UDP Connectivity  region2.v2.argotunnel.com  PASS    QUIC connection successful     |
2026-09-10T07:04:31Z INF |  TCP Connectivity  region1.v2.argotunnel.com  PASS    HTTP/2 connection successful   |
2026-09-10T07:04:31Z INF |  TCP Connectivity  region2.v2.argotunnel.com  PASS    HTTP/2 connection successful   |
2026-09-10T07:04:31Z INF |  Cloudflare API    api.cloudflare.com:443     PASS    API is reachable               |
2026-09-10T07:04:31Z INF |                                                                                      |
2026-09-10T07:04:31Z INF |  SUMMARY: Environment is healthy. cloudflared will use 'http2' as primary protocol.  |
2026-09-10T07:04:31Z INF +--------------------------------------------------------------------------------------+
2026-09-10T07:04:31Z INF precheck component="DNS Resolution" details="DNS Resolved successfully" run_id=5ae7a9e6-56c5-450b-a91f-b81b86c33dd2 status=pass target=region1.v2.argotunnel.com
2026-09-10T07:04:31Z INF precheck component="DNS Resolution" details="DNS Resolved successfully" run_id=5ae7a9e6-56c5-450b-a91f-b81b86c33dd2 status=pass target=region2.v2.argotunnel.com
2026-09-10T07:04:31Z INF precheck component="UDP Connectivity" details="QUIC connection successful" run_id=5ae7a9e6-56c5-450b-a91f-b81b86c33dd2 status=pass target=region1.v2.argotunnel.com
2026-09-10T07:04:31Z INF precheck component="UDP Connectivity" details="QUIC connection successful" run_id=5ae7a9e6-56c5-450b-a91f-b81b86c33dd2 status=pass target=region2.v2.argotunnel.com
2026-09-10T07:04:31Z INF precheck component="TCP Connectivity" details="HTTP/2 connection successful" run_id=5ae7a9e6-56c5-450b-a91f-b81b86c33dd2 status=pass target=region1.v2.argotunnel.com
2026-09-10T07:04:31Z INF precheck component="TCP Connectivity" details="HTTP/2 connection successful" run_id=5ae7a9e6-56c5-450b-a91f-b81b86c33dd2 status=pass target=region2.v2.argotunnel.com
2026-09-10T07:04:31Z INF precheck component="Cloudflare API" details="API is reachable" run_id=5ae7a9e6-56c5-450b-a91f-b81b86c33dd2 status=pass target=api.cloudflare.com:443
2026-09-10T07:04:31Z INF precheck complete hard_fail=false run_id=5ae7a9e6-56c5-450b-a91f-b81b86c33dd2 suggested_protocol=http2
2026-09-10T07:04:32Z INF Registered tunnel connection connIndex=0 connection=3ae4613f-aa84-4247-a0d4-9bb0fa801c38 event=0 ip=198.41.200.53 location=dfw08 protocol=http2
2026-09-10T07:06:00Z INF Initiating graceful shutdown due to signal terminated ...
2026-09-10T07:06:00Z INF Unregistered tunnel connection connIndex=0 event=0 ip=198.41.200.53
2026-09-10T07:06:00Z INF Retrying connection in up to 1s connIndex=0 event=0 ip=198.41.200.53
2026-09-10T07:06:00Z ERR Connection terminated connIndex=0
2026-09-10T07:06:00Z ERR no more connections active and exiting
2026-09-10T07:06:00Z INF Tunnel server stopped
2026-09-10T07:06:00Z INF Metrics server stopped
